{
  "source": {
    "file": "defFl19.bal"
  },
  "position": {
    "line": 15,
    "character": 2
  },
  "result": [
    {
      "range": {
        "start": {
          "line": 13,
          "character": 29
        },
        "end": {
          "line": 13,
          "character": 31
        }
      },
      "uri": "defFl19.bal"
    }
  ]
}