{
  "source": {
    "file": "defFl19.bal"
  },
  "position": {
    "line": 37,
    "character": 30
  },
  "result": [
    {
      "range": {
        "start": {
          "line": 10,
          "character": 26
        },
        "end": {
          "line": 10,
          "character": 28
        }
      },
      "uri": "defFl19.bal"
    }
  ]
}