{
  "source": {
    "file": "defFl19.bal"
  },
  "position": {
    "line": 82,
    "character": 17
  },
  "result": [
    {
      "range": {
        "start": {
          "line": 81,
          "character": 13
        },
        "end": {
          "line": 81,
          "character": 15
        }
      },
      "uri": "defFl19.bal"
    }
  ]
}