{
  "source": {
    "file": "defFl19.bal"
  },
  "position": {
    "line": 24,
    "character": 2
  },
  "result": [
    {
      "range": {
        "start": {
          "line": 11,
          "character": 17
        },
        "end": {
          "line": 11,
          "character": 19
        }
      },
      "uri": "defFl19.bal"
    }
  ]
}